Gym has been unmaintained since 2022 and does not support NumPy 2.0 amongst other critical functionality.
Please upgrade to Gymnasium, the maintained drop-in replacement of Gym, or contact the authors of your software and request that they upgrade.
Users of this version of Gym should be able to simply replace 'import gym' with 'import gymnasium as gym' in the vast majority of cases.
See the migration guide at https://gymnasium.farama.org/introduction/migration_guide/ for additional information.
[GDBN] : K=3 repair_results/params
START no_belief
[GDBN] : K=3 repair_results/params
[GDBN] : K=3 repair_results/params
[GDBN] : K=3 repair_results/params
[GDBN] : K=3 repair_results/params
DONE no_belief {'bc_heldout_mse_before': 0.32850438356399536, 'bc_heldout_mse_after': 0.05590217188000679, 'critic_updates': 224, 'actor_bc_updates': 112, 'actor_weight_change': 0.047606393694877625, 'replay_size': 385, 'rl_episodes': [{'layout_seed': 4800794, 'test_case': 7315, 'outcome': 'collision', 'steps': 31, 'reward': -0.5846590714151284, 'bound_violations': 0}, {'layout_seed': 2229807, 'test_case': 387, 'outcome': 'collision', 'steps': 25, 'reward': -0.548906469035644, 'bound_violations': 0}, {'layout_seed': 9481473, 'test_case': 578, 'outcome': 'timeout', 'steps': 141, 'reward': -0.9067498511183139, 'bound_violations': 0}, {'layout_seed': 9280740, 'test_case': 7134, 'outcome': 'collision', 'steps': 15, 'reward': -0.5205068218547534, 'bound_violations': 0}, {'layout_seed': 7233316, 'test_case': 3114, 'outcome': 'collision', 'steps': 29, 'reward': -0.6115196866649986, 'bound_violations': 0}, {'layout_seed': 9630574, 'test_case': 7980, 'outcome': 'collision', 'steps': 12, 'reward': -0.5356295123801488, 'bound_violations': 0}], 'evaluation': [{'scenario': 'baseline_circle', 'humans': 5, 'layout_seed': 810000, 'test_case': 800, 'outcome': 'timeout', 'steps': 141, 'reward': -0.8810688329534908, 'bound_violations': 0}, {'scenario': 'dense_circle', 'humans': 10, 'layout_seed': 810001, 'test_case': 801, 'outcome': 'collision', 'steps': 17, 'reward': -0.5753431476904665, 'bound_violations': 0}, {'scenario': 'dense_square', 'humans': 20, 'layout_seed': 810002, 'test_case': 802, 'outcome': 'collision', 'steps': 11, 'reward': -0.531905646565177, 'bound_violations': 0}], 'finite_parameters': True, 'continuous_action_dim': 2}
START map
[GDBN] : K=3 repair_results/params
[GDBN] : K=3 repair_results/params
[GDBN] : K=3 repair_results/params
[GDBN] : K=3 repair_results/params
DONE map {'bc_heldout_mse_before': 0.3279554843902588, 'bc_heldout_mse_after': 0.056486185640096664, 'critic_updates': 224, 'actor_bc_updates': 112, 'actor_weight_change': 0.03880485147237778, 'replay_size': 385, 'rl_episodes': [{'layout_seed': 4800794, 'test_case': 7315, 'outcome': 'collision', 'steps': 31, 'reward': -0.5846590714151284, 'bound_violations': 0}, {'layout_seed': 2229807, 'test_case': 387, 'outcome': 'collision', 'steps': 26, 'reward': -0.5435309135220799, 'bound_violations': 0}, {'layout_seed': 9481473, 'test_case': 578, 'outcome': 'collision', 'steps': 117, 'reward': -0.8234247146271299, 'bound_violations': 0}, {'layout_seed': 9280740, 'test_case': 7134, 'outcome': 'collision', 'steps': 14, 'reward': -0.5146162855028195, 'bound_violations': 0}, {'layout_seed': 7233316, 'test_case': 3114, 'outcome': 'collision', 'steps': 14, 'reward': -0.5200992553301091, 'bound_violations': 0}, {'layout_seed': 9630574, 'test_case': 7980, 'outcome': 'collision', 'steps': 15, 'reward': -0.548809154446119, 'bound_violations': 0}], 'evaluation': [{'scenario': 'baseline_circle', 'humans': 5, 'layout_seed': 810000, 'test_case': 800, 'outcome': 'collision', 'steps': 130, 'reward': -0.9165045331700624, 'bound_violations': 0}, {'scenario': 'dense_circle', 'humans': 10, 'layout_seed': 810001, 'test_case': 801, 'outcome': 'collision', 'steps': 5, 'reward': -0.5303542319542303, 'bound_violations': 0}, {'scenario': 'dense_square', 'humans': 20, 'layout_seed': 810002, 'test_case': 802, 'outcome': 'collision', 'steps': 10, 'reward': -0.5312097712152345, 'bound_violations': 0}], 'finite_parameters': True, 'continuous_action_dim': 2}
START full
[GDBN] : K=3 repair_results/params
[GDBN] : K=3 repair_results/params
[GDBN] : K=3 repair_results/params
[GDBN] : K=3 repair_results/params
DONE full {'bc_heldout_mse_before': 0.328107088804245, 'bc_heldout_mse_after': 0.05593680217862129, 'critic_updates': 224, 'actor_bc_updates': 112, 'actor_weight_change': 0.05224760249257088, 'replay_size': 385, 'rl_episodes': [{'layout_seed': 4800794, 'test_case': 7315, 'outcome': 'collision', 'steps': 31, 'reward': -0.5846590714151284, 'bound_violations': 0}, {'layout_seed': 2229807, 'test_case': 387, 'outcome': 'collision', 'steps': 26, 'reward': -0.5537749548001244, 'bound_violations': 0}, {'layout_seed': 9481473, 'test_case': 578, 'outcome': 'timeout', 'steps': 141, 'reward': -0.8869152634289507, 'bound_violations': 0}, {'layout_seed': 9280740, 'test_case': 7134, 'outcome': 'collision', 'steps': 14, 'reward': -0.5374336145229845, 'bound_violations': 0}, {'layout_seed': 7233316, 'test_case': 3114, 'outcome': 'collision', 'steps': 16, 'reward': -0.526845580327231, 'bound_violations': 0}], 'evaluation': [{'scenario': 'baseline_circle', 'humans': 5, 'layout_seed': 810000, 'test_case': 800, 'outcome': 'timeout', 'steps': 141, 'reward': -0.9368725231693535, 'bound_violations': 0}, {'scenario': 'dense_circle', 'humans': 10, 'layout_seed': 810001, 'test_case': 801, 'outcome': 'collision', 'steps': 17, 'reward': -0.6415672094642015, 'bound_violations': 0}, {'scenario': 'dense_square', 'humans': 20, 'layout_seed': 810002, 'test_case': 802, 'outcome': 'collision', 'steps': 11, 'reward': -0.523824772251295, 'bound_violations': 0}], 'finite_parameters': True, 'continuous_action_dim': 2}
ALL THREE ARMS COMPLETED
