Gym has been unmaintained since 2022 and does not support NumPy 2.0 amongst other critical functionality.
Please upgrade to Gymnasium, the maintained drop-in replacement of Gym, or contact the authors of your software and request that they upgrade.
Users of this version of Gym should be able to simply replace 'import gym' with 'import gymnasium as gym' in the vast majority of cases.
See the migration guide at https://gymnasium.farama.org/introduction/migration_guide/ for additional information.
[GDBN] : K=3 repair_results/params
episodes 510000 20
Traceback (most recent call last):
  File "/root/miniconda3/envs/mamba/lib/python3.10/site-packages/numpy/core/fromnumeric.py", line 3185, in ndim
    return a.ndim
AttributeError: 'float' object has no attribute 'ndim'

During handling of the above exception, another exception occurred:

Traceback (most recent call last):
  File "/root/miniconda3/envs/mamba/lib/python3.10/runpy.py", line 196, in _run_module_as_main
    return _run_code(code, main_globals, None,
  File "/root/miniconda3/envs/mamba/lib/python3.10/runpy.py", line 86, in _run_code
    exec(code, run_globals)
  File "/root/continuous_repair_20260914/CrowdNav/crowd_nav/bayes_continuous/stages.py", line 163, in <module>
    main()
  File "/root/continuous_repair_20260914/CrowdNav/crowd_nav/bayes_continuous/stages.py", line 99, in main
    records, _, _ = episodes(args.params, 100, 510000)
  File "/root/continuous_repair_20260914/CrowdNav/crowd_nav/bayes_continuous/stages.py", line 26, in episodes
    nxt, reward, done, _, info = env.step(action)
  File "/root/continuous_repair_20260914/CrowdNav/crowd_nav/bayes_continuous/environment.py", line 146, in step
    obs = self._observation()
  File "/root/continuous_repair_20260914/CrowdNav/crowd_nav/bayes_continuous/environment.py", line 105, in _observation
    belief = np.asarray(self.filter.get_belief_snapshot().features, np.float32)
  File "/root/continuous_repair_20260914/CrowdNav/crowd_nav/gdbn.py", line 757, in get_belief_snapshot
    features = self.get_per_ped_belief_vec()
  File "/root/continuous_repair_20260914/CrowdNav/crowd_nav/gdbn.py", line 823, in get_per_ped_belief_vec
    features[p, self.K + 1] = float(np.clip(klda, 0.0, klda_clip) / klda_clip)
  File "<__array_function__ internals>", line 200, in clip
  File "/root/miniconda3/envs/mamba/lib/python3.10/site-packages/numpy/core/fromnumeric.py", line 2180, in clip
    return _wrapfunc(a, 'clip', a_min, a_max, out=out, **kwargs)
  File "/root/miniconda3/envs/mamba/lib/python3.10/site-packages/numpy/core/fromnumeric.py", line 54, in _wrapfunc
    return _wrapit(obj, method, *args, **kwds)
  File "/root/miniconda3/envs/mamba/lib/python3.10/site-packages/numpy/core/fromnumeric.py", line 43, in _wrapit
    result = getattr(asarray(obj), method)(*args, **kwds)
  File "/root/miniconda3/envs/mamba/lib/python3.10/site-packages/numpy/core/_methods.py", line 139, in _clip
    if _clip_dep_is_scalar_nan(max):
  File "/root/miniconda3/envs/mamba/lib/python3.10/site-packages/numpy/core/_methods.py", line 96, in _clip_dep_is_scalar_nan
    if ndim(a) != 0:
  File "<__array_function__ internals>", line 200, in ndim
  File "/root/miniconda3/envs/mamba/lib/python3.10/site-packages/numpy/core/fromnumeric.py", line 3185, in ndim
    return a.ndim
KeyboardInterrupt
